{
  "version": "1.5.0",
  "plugins_used": [
    {
      "name": "ArtifactoryDetector"
    },
    {
      "name": "AWSKeyDetector"
    },
    {
      "name": "AzureStorageKeyDetector"
    },
    {
      "name": "Base64HighEntropyString",
      "limit": 4.5
    },
    {
      "name": "BasicAuthDetector"
    },
    {
      "name": "CloudantDetector"
    },
    {
      "name": "DiscordBotTokenDetector"
    },
    {
      "name": "GitHubTokenDetector"
    },
    {
      "name": "GitLabTokenDetector"
    },
    {
      "name": "HexHighEntropyString",
      "limit": 3.0
    },
    {
      "name": "IbmCloudIamDetector"
    },
    {
      "name": "IbmCosHmacDetector"
    },
    {
      "name": "IPPublicDetector"
    },
    {
      "name": "JwtTokenDetector"
    },
    {
      "name": "KeywordDetector",
      "keyword_exclude": ""
    },
    {
      "name": "MailchimpDetector"
    },
    {
      "name": "NpmDetector"
    },
    {
      "name": "OpenAIDetector"
    },
    {
      "name": "PrivateKeyDetector"
    },
    {
      "name": "PypiTokenDetector"
    },
    {
      "name": "SendGridDetector"
    },
    {
      "name": "SlackDetector"
    },
    {
      "name": "SoftlayerDetector"
    },
    {
      "name": "SquareOAuthDetector"
    },
    {
      "name": "StripeDetector"
    },
    {
      "name": "TelegramBotTokenDetector"
    },
    {
      "name": "TwilioKeyDetector"
    }
  ],
  "filters_used": [
    {
      "path": "detect_secrets.filters.allowlist.is_line_allowlisted"
    },
    {
      "path": "detect_secrets.filters.common.is_ignored_due_to_verification_policies",
      "min_level": 2
    },
    {
      "path": "detect_secrets.filters.heuristic.is_indirect_reference"
    },
    {
      "path": "detect_secrets.filters.heuristic.is_likely_id_string"
    },
    {
      "path": "detect_secrets.filters.heuristic.is_lock_file"
    },
    {
      "path": "detect_secrets.filters.heuristic.is_not_alphanumeric_string"
    },
    {
      "path": "detect_secrets.filters.heuristic.is_potential_uuid"
    },
    {
      "path": "detect_secrets.filters.heuristic.is_prefixed_with_dollar_sign"
    },
    {
      "path": "detect_secrets.filters.heuristic.is_sequential_string"
    },
    {
      "path": "detect_secrets.filters.heuristic.is_swagger_file"
    },
    {
      "path": "detect_secrets.filters.heuristic.is_templated_secret"
    },
    {
      "path": "detect_secrets.filters.regex.should_exclude_file",
      "pattern": [
        "^data[\\\\/](pilot|navigation)[\\\\/][^\\\\/]+[.]json$"
      ]
    }
  ],
  "results": {
    "data/diagnostics/second_hop-dev.json": [
      {
        "type": "Hex High Entropy String",
        "filename": "data/diagnostics/second_hop-dev.json",
        "hashed_secret": "da409dcff1a46681e1b2a863dce66f1260ad307a",
        "is_verified": false,
        "line_number": 10
      },
      {
        "type": "Hex High Entropy String",
        "filename": "data/diagnostics/second_hop-dev.json",
        "hashed_secret": "04c1f99442a3b53bffb44319b50ca5d0532c5639",
        "is_verified": false,
        "line_number": 11
      },
      {
        "type": "Hex High Entropy String",
        "filename": "data/diagnostics/second_hop-dev.json",
        "hashed_secret": "9a1c50c97e47a24349c6584c444c2843046d4940",
        "is_verified": false,
        "line_number": 13
      },
      {
        "type": "Hex High Entropy String",
        "filename": "data/diagnostics/second_hop-dev.json",
        "hashed_secret": "3377979d2e7b9f5aa625e21f007d97acda28b4ed",
        "is_verified": false,
        "line_number": 18
      },
      {
        "type": "Hex High Entropy String",
        "filename": "data/diagnostics/second_hop-dev.json",
        "hashed_secret": "4cafb8ddfa5cf22fe5412358e36218570910725e",
        "is_verified": false,
        "line_number": 27
      }
    ],
    "data/expansion/expansion.json": [
      {
        "type": "Hex High Entropy String",
        "filename": "data/expansion/expansion.json",
        "hashed_secret": "9a1c50c97e47a24349c6584c444c2843046d4940",
        "is_verified": false,
        "line_number": 779
      },
      {
        "type": "Hex High Entropy String",
        "filename": "data/expansion/expansion.json",
        "hashed_secret": "3377979d2e7b9f5aa625e21f007d97acda28b4ed",
        "is_verified": false,
        "line_number": 786
      },
      {
        "type": "Hex High Entropy String",
        "filename": "data/expansion/expansion.json",
        "hashed_secret": "4cafb8ddfa5cf22fe5412358e36218570910725e",
        "is_verified": false,
        "line_number": 794
      },
      {
        "type": "Hex High Entropy String",
        "filename": "data/expansion/expansion.json",
        "hashed_secret": "811172a3537cfdd78ee69c120badf6f5ff0ad023",
        "is_verified": false,
        "line_number": 820
      },
      {
        "type": "Hex High Entropy String",
        "filename": "data/expansion/expansion.json",
        "hashed_secret": "05a4d213b7549d02ad89e1db3fac2c327c319292",
        "is_verified": false,
        "line_number": 830
      }
    ],
    "data/extraction/extraction-0107de3ae9b4e4a3.json": [
      {
        "type": "Hex High Entropy String",
        "filename": "data/extraction/extraction-0107de3ae9b4e4a3.json",
        "hashed_secret": "e43890b6ee2e5c5b07a11c218eb5d25c94ff4002",
        "is_verified": false,
        "line_number": 6
      },
      {
        "type": "Hex High Entropy String",
        "filename": "data/extraction/extraction-0107de3ae9b4e4a3.json",
        "hashed_secret": "b288d7e652dc7081d30628270bf43875f5d20d81",
        "is_verified": false,
        "line_number": 17
      }
    ],
    "data/extraction/sample-report.json": [
      {
        "type": "Hex High Entropy String",
        "filename": "data/extraction/sample-report.json",
        "hashed_secret": "b288d7e652dc7081d30628270bf43875f5d20d81",
        "is_verified": false,
        "line_number": 16
      },
      {
        "type": "Hex High Entropy String",
        "filename": "data/extraction/sample-report.json",
        "hashed_secret": "807040e0a1d93bf312dc2cc1600661f243e52e50",
        "is_verified": false,
        "line_number": 25
      },
      {
        "type": "Hex High Entropy String",
        "filename": "data/extraction/sample-report.json",
        "hashed_secret": "188aa36d4802ce19999e78078b95f930ea865c84",
        "is_verified": false,
        "line_number": 27
      },
      {
        "type": "Hex High Entropy String",
        "filename": "data/extraction/sample-report.json",
        "hashed_secret": "a3919cabca4148a6d8ae62ed04b3bdba5ba3148d",
        "is_verified": false,
        "line_number": 28
      },
      {
        "type": "Hex High Entropy String",
        "filename": "data/extraction/sample-report.json",
        "hashed_secret": "9b4562f825109bd80ffdfc001ff54f8df6322524",
        "is_verified": false,
        "line_number": 31
      },
      {
        "type": "Hex High Entropy String",
        "filename": "data/extraction/sample-report.json",
        "hashed_secret": "3cb430ea36b75cdb8cea3ea039f140039fc02470",
        "is_verified": false,
        "line_number": 32
      },
      {
        "type": "Hex High Entropy String",
        "filename": "data/extraction/sample-report.json",
        "hashed_secret": "657e3cef016c3b68f0628185869c1d43f9370a30",
        "is_verified": false,
        "line_number": 33
      },
      {
        "type": "Hex High Entropy String",
        "filename": "data/extraction/sample-report.json",
        "hashed_secret": "e30997b7998d550a2532e544de88142cd96bcaa9",
        "is_verified": false,
        "line_number": 34
      },
      {
        "type": "Hex High Entropy String",
        "filename": "data/extraction/sample-report.json",
        "hashed_secret": "08de995e358a3a95a1106f0a16e4786cd2eb47f8",
        "is_verified": false,
        "line_number": 35
      },
      {
        "type": "Hex High Entropy String",
        "filename": "data/extraction/sample-report.json",
        "hashed_secret": "922ed352b03228ca3869c9f2a77cbbcb0b1c19c1",
        "is_verified": false,
        "line_number": 36
      },
      {
        "type": "Hex High Entropy String",
        "filename": "data/extraction/sample-report.json",
        "hashed_secret": "55e75d5777d43543486b10d7b6833f89c9ec2931",
        "is_verified": false,
        "line_number": 37
      },
      {
        "type": "Hex High Entropy String",
        "filename": "data/extraction/sample-report.json",
        "hashed_secret": "dab98cd979f581269657102908f503e105da2a89",
        "is_verified": false,
        "line_number": 38
      },
      {
        "type": "Hex High Entropy String",
        "filename": "data/extraction/sample-report.json",
        "hashed_secret": "1706378aa5cc48dd4e73141b761637ea84406c67",
        "is_verified": false,
        "line_number": 42
      },
      {
        "type": "Hex High Entropy String",
        "filename": "data/extraction/sample-report.json",
        "hashed_secret": "5e6d0e3ddfccc630ae0146d0f4bc999ea3a6bf1a",
        "is_verified": false,
        "line_number": 44
      }
    ],
    "data/manifest.json": [
      {
        "type": "Hex High Entropy String",
        "filename": "data/manifest.json",
        "hashed_secret": "045c6e00f39b427c7673f978a338812b4e877744",
        "is_verified": false,
        "line_number": 7
      },
      {
        "type": "Hex High Entropy String",
        "filename": "data/manifest.json",
        "hashed_secret": "4cafb8ddfa5cf22fe5412358e36218570910725e",
        "is_verified": false,
        "line_number": 14
      }
    ],
    "data/results/run-bm25-dev-20260908T080623+0000.json": [
      {
        "type": "Hex High Entropy String",
        "filename": "data/results/run-bm25-dev-20260908T080623+0000.json",
        "hashed_secret": "4cafb8ddfa5cf22fe5412358e36218570910725e",
        "is_verified": false,
        "line_number": 10
      }
    ],
    "data/results/run-bm25-dev-20260908T091217+0000.json": [
      {
        "type": "Hex High Entropy String",
        "filename": "data/results/run-bm25-dev-20260908T091217+0000.json",
        "hashed_secret": "3377979d2e7b9f5aa625e21f007d97acda28b4ed",
        "is_verified": false,
        "line_number": 6
      },
      {
        "type": "Hex High Entropy String",
        "filename": "data/results/run-bm25-dev-20260908T091217+0000.json",
        "hashed_secret": "4cafb8ddfa5cf22fe5412358e36218570910725e",
        "is_verified": false,
        "line_number": 11
      }
    ],
    "data/results/run-bm25-dev-20260908T091552+0000.json": [
      {
        "type": "Hex High Entropy String",
        "filename": "data/results/run-bm25-dev-20260908T091552+0000.json",
        "hashed_secret": "3377979d2e7b9f5aa625e21f007d97acda28b4ed",
        "is_verified": false,
        "line_number": 6
      },
      {
        "type": "Hex High Entropy String",
        "filename": "data/results/run-bm25-dev-20260908T091552+0000.json",
        "hashed_secret": "4cafb8ddfa5cf22fe5412358e36218570910725e",
        "is_verified": false,
        "line_number": 11
      }
    ],
    "data/results/run-bm25-dev-20260911T133154+0000.json": [
      {
        "type": "Hex High Entropy String",
        "filename": "data/results/run-bm25-dev-20260911T133154+0000.json",
        "hashed_secret": "3377979d2e7b9f5aa625e21f007d97acda28b4ed",
        "is_verified": false,
        "line_number": 6
      },
      {
        "type": "Hex High Entropy String",
        "filename": "data/results/run-bm25-dev-20260911T133154+0000.json",
        "hashed_secret": "4cafb8ddfa5cf22fe5412358e36218570910725e",
        "is_verified": false,
        "line_number": 11
      }
    ],
    "data/results/run-bm25-test-20260908T080624+0000.json": [
      {
        "type": "Hex High Entropy String",
        "filename": "data/results/run-bm25-test-20260908T080624+0000.json",
        "hashed_secret": "4cafb8ddfa5cf22fe5412358e36218570910725e",
        "is_verified": false,
        "line_number": 10
      }
    ],
    "data/results/run-bm25-test-20260908T091218+0000.json": [
      {
        "type": "Hex High Entropy String",
        "filename": "data/results/run-bm25-test-20260908T091218+0000.json",
        "hashed_secret": "3377979d2e7b9f5aa625e21f007d97acda28b4ed",
        "is_verified": false,
        "line_number": 6
      },
      {
        "type": "Hex High Entropy String",
        "filename": "data/results/run-bm25-test-20260908T091218+0000.json",
        "hashed_secret": "4cafb8ddfa5cf22fe5412358e36218570910725e",
        "is_verified": false,
        "line_number": 11
      }
    ],
    "data/results/run-bm25-test-20260908T091553+0000.json": [
      {
        "type": "Hex High Entropy String",
        "filename": "data/results/run-bm25-test-20260908T091553+0000.json",
        "hashed_secret": "3377979d2e7b9f5aa625e21f007d97acda28b4ed",
        "is_verified": false,
        "line_number": 6
      },
      {
        "type": "Hex High Entropy String",
        "filename": "data/results/run-bm25-test-20260908T091553+0000.json",
        "hashed_secret": "4cafb8ddfa5cf22fe5412358e36218570910725e",
        "is_verified": false,
        "line_number": 11
      }
    ],
    "data/results/run-bm25-test-20260911T133159+0000.json": [
      {
        "type": "Hex High Entropy String",
        "filename": "data/results/run-bm25-test-20260911T133159+0000.json",
        "hashed_secret": "3377979d2e7b9f5aa625e21f007d97acda28b4ed",
        "is_verified": false,
        "line_number": 6
      },
      {
        "type": "Hex High Entropy String",
        "filename": "data/results/run-bm25-test-20260911T133159+0000.json",
        "hashed_secret": "4cafb8ddfa5cf22fe5412358e36218570910725e",
        "is_verified": false,
        "line_number": 11
      }
    ],
    "data/results/run-conceptual-dev-20260911T133154+0000.json": [
      {
        "type": "Hex High Entropy String",
        "filename": "data/results/run-conceptual-dev-20260911T133154+0000.json",
        "hashed_secret": "9a1c50c97e47a24349c6584c444c2843046d4940",
        "is_verified": false,
        "line_number": 5
      },
      {
        "type": "Hex High Entropy String",
        "filename": "data/results/run-conceptual-dev-20260911T133154+0000.json",
        "hashed_secret": "3377979d2e7b9f5aa625e21f007d97acda28b4ed",
        "is_verified": false,
        "line_number": 12
      },
      {
        "type": "Hex High Entropy String",
        "filename": "data/results/run-conceptual-dev-20260911T133154+0000.json",
        "hashed_secret": "4cafb8ddfa5cf22fe5412358e36218570910725e",
        "is_verified": false,
        "line_number": 17
      }
    ],
    "data/results/run-conceptual-test-20260911T133200+0000.json": [
      {
        "type": "Hex High Entropy String",
        "filename": "data/results/run-conceptual-test-20260911T133200+0000.json",
        "hashed_secret": "9a1c50c97e47a24349c6584c444c2843046d4940",
        "is_verified": false,
        "line_number": 5
      },
      {
        "type": "Hex High Entropy String",
        "filename": "data/results/run-conceptual-test-20260911T133200+0000.json",
        "hashed_secret": "3377979d2e7b9f5aa625e21f007d97acda28b4ed",
        "is_verified": false,
        "line_number": 12
      },
      {
        "type": "Hex High Entropy String",
        "filename": "data/results/run-conceptual-test-20260911T133200+0000.json",
        "hashed_secret": "4cafb8ddfa5cf22fe5412358e36218570910725e",
        "is_verified": false,
        "line_number": 17
      }
    ],
    "data/results/run-dense-dev-20260908T080540+0000.json": [
      {
        "type": "Hex High Entropy String",
        "filename": "data/results/run-dense-dev-20260908T080540+0000.json",
        "hashed_secret": "4cafb8ddfa5cf22fe5412358e36218570910725e",
        "is_verified": false,
        "line_number": 10
      }
    ],
    "data/results/run-dense-dev-20260908T091140+0000.json": [
      {
        "type": "Hex High Entropy String",
        "filename": "data/results/run-dense-dev-20260908T091140+0000.json",
        "hashed_secret": "3377979d2e7b9f5aa625e21f007d97acda28b4ed",
        "is_verified": false,
        "line_number": 6
      },
      {
        "type": "Hex High Entropy String",
        "filename": "data/results/run-dense-dev-20260908T091140+0000.json",
        "hashed_secret": "4cafb8ddfa5cf22fe5412358e36218570910725e",
        "is_verified": false,
        "line_number": 11
      }
    ],
    "data/results/run-dense-dev-20260908T091514+0000.json": [
      {
        "type": "Hex High Entropy String",
        "filename": "data/results/run-dense-dev-20260908T091514+0000.json",
        "hashed_secret": "3377979d2e7b9f5aa625e21f007d97acda28b4ed",
        "is_verified": false,
        "line_number": 6
      },
      {
        "type": "Hex High Entropy String",
        "filename": "data/results/run-dense-dev-20260908T091514+0000.json",
        "hashed_secret": "4cafb8ddfa5cf22fe5412358e36218570910725e",
        "is_verified": false,
        "line_number": 11
      }
    ],
    "data/results/run-dense-dev-20260911T133154+0000.json": [
      {
        "type": "Hex High Entropy String",
        "filename": "data/results/run-dense-dev-20260911T133154+0000.json",
        "hashed_secret": "3377979d2e7b9f5aa625e21f007d97acda28b4ed",
        "is_verified": false,
        "line_number": 6
      },
      {
        "type": "Hex High Entropy String",
        "filename": "data/results/run-dense-dev-20260911T133154+0000.json",
        "hashed_secret": "4cafb8ddfa5cf22fe5412358e36218570910725e",
        "is_verified": false,
        "line_number": 11
      }
    ],
    "data/results/run-dense-test-20260908T080623+0000.json": [
      {
        "type": "Hex High Entropy String",
        "filename": "data/results/run-dense-test-20260908T080623+0000.json",
        "hashed_secret": "4cafb8ddfa5cf22fe5412358e36218570910725e",
        "is_verified": false,
        "line_number": 10
      }
    ],
    "data/results/run-dense-test-20260908T091217+0000.json": [
      {
        "type": "Hex High Entropy String",
        "filename": "data/results/run-dense-test-20260908T091217+0000.json",
        "hashed_secret": "3377979d2e7b9f5aa625e21f007d97acda28b4ed",
        "is_verified": false,
        "line_number": 6
      },
      {
        "type": "Hex High Entropy String",
        "filename": "data/results/run-dense-test-20260908T091217+0000.json",
        "hashed_secret": "4cafb8ddfa5cf22fe5412358e36218570910725e",
        "is_verified": false,
        "line_number": 11
      }
    ],
    "data/results/run-dense-test-20260908T091552+0000.json": [
      {
        "type": "Hex High Entropy String",
        "filename": "data/results/run-dense-test-20260908T091552+0000.json",
        "hashed_secret": "3377979d2e7b9f5aa625e21f007d97acda28b4ed",
        "is_verified": false,
        "line_number": 6
      },
      {
        "type": "Hex High Entropy String",
        "filename": "data/results/run-dense-test-20260908T091552+0000.json",
        "hashed_secret": "4cafb8ddfa5cf22fe5412358e36218570910725e",
        "is_verified": false,
        "line_number": 11
      }
    ],
    "data/results/run-dense-test-20260911T133159+0000.json": [
      {
        "type": "Hex High Entropy String",
        "filename": "data/results/run-dense-test-20260911T133159+0000.json",
        "hashed_secret": "3377979d2e7b9f5aa625e21f007d97acda28b4ed",
        "is_verified": false,
        "line_number": 6
      },
      {
        "type": "Hex High Entropy String",
        "filename": "data/results/run-dense-test-20260911T133159+0000.json",
        "hashed_secret": "4cafb8ddfa5cf22fe5412358e36218570910725e",
        "is_verified": false,
        "line_number": 11
      }
    ],
    "data/results/run-expansion-conceptual-dev-20260914T193359+0000.json": [
      {
        "type": "Hex High Entropy String",
        "filename": "data/results/run-expansion-conceptual-dev-20260914T193359+0000.json",
        "hashed_secret": "dea23358521ce781a4875a8c52bed6bfff8b6c04",
        "is_verified": false,
        "line_number": 6
      },
      {
        "type": "Hex High Entropy String",
        "filename": "data/results/run-expansion-conceptual-dev-20260914T193359+0000.json",
        "hashed_secret": "9a1c50c97e47a24349c6584c444c2843046d4940",
        "is_verified": false,
        "line_number": 8
      },
      {
        "type": "Hex High Entropy String",
        "filename": "data/results/run-expansion-conceptual-dev-20260914T193359+0000.json",
        "hashed_secret": "811172a3537cfdd78ee69c120badf6f5ff0ad023",
        "is_verified": false,
        "line_number": 9
      },
      {
        "type": "Hex High Entropy String",
        "filename": "data/results/run-expansion-conceptual-dev-20260914T193359+0000.json",
        "hashed_secret": "3377979d2e7b9f5aa625e21f007d97acda28b4ed",
        "is_verified": false,
        "line_number": 26
      },
      {
        "type": "Hex High Entropy String",
        "filename": "data/results/run-expansion-conceptual-dev-20260914T193359+0000.json",
        "hashed_secret": "05a4d213b7549d02ad89e1db3fac2c327c319292",
        "is_verified": false,
        "line_number": 33
      },
      {
        "type": "Hex High Entropy String",
        "filename": "data/results/run-expansion-conceptual-dev-20260914T193359+0000.json",
        "hashed_secret": "4cafb8ddfa5cf22fe5412358e36218570910725e",
        "is_verified": false,
        "line_number": 40
      }
    ],
    "data/results/run-expansion-conceptual-test-20260914T193410+0000.json": [
      {
        "type": "Hex High Entropy String",
        "filename": "data/results/run-expansion-conceptual-test-20260914T193410+0000.json",
        "hashed_secret": "dea23358521ce781a4875a8c52bed6bfff8b6c04",
        "is_verified": false,
        "line_number": 6
      },
      {
        "type": "Hex High Entropy String",
        "filename": "data/results/run-expansion-conceptual-test-20260914T193410+0000.json",
        "hashed_secret": "9a1c50c97e47a24349c6584c444c2843046d4940",
        "is_verified": false,
        "line_number": 8
      },
      {
        "type": "Hex High Entropy String",
        "filename": "data/results/run-expansion-conceptual-test-20260914T193410+0000.json",
        "hashed_secret": "811172a3537cfdd78ee69c120badf6f5ff0ad023",
        "is_verified": false,
        "line_number": 9
      },
      {
        "type": "Hex High Entropy String",
        "filename": "data/results/run-expansion-conceptual-test-20260914T193410+0000.json",
        "hashed_secret": "3377979d2e7b9f5aa625e21f007d97acda28b4ed",
        "is_verified": false,
        "line_number": 26
      },
      {
        "type": "Hex High Entropy String",
        "filename": "data/results/run-expansion-conceptual-test-20260914T193410+0000.json",
        "hashed_secret": "05a4d213b7549d02ad89e1db3fac2c327c319292",
        "is_verified": false,
        "line_number": 33
      },
      {
        "type": "Hex High Entropy String",
        "filename": "data/results/run-expansion-conceptual-test-20260914T193410+0000.json",
        "hashed_secret": "4cafb8ddfa5cf22fe5412358e36218570910725e",
        "is_verified": false,
        "line_number": 40
      }
    ],
    "data/results/run-expansion-dev-20260914T193357+0000.json": [
      {
        "type": "Hex High Entropy String",
        "filename": "data/results/run-expansion-dev-20260914T193357+0000.json",
        "hashed_secret": "fa02ba53843795001471d3d9b036c00e0fd353f5",
        "is_verified": false,
        "line_number": 6
      },
      {
        "type": "Hex High Entropy String",
        "filename": "data/results/run-expansion-dev-20260914T193357+0000.json",
        "hashed_secret": "9a1c50c97e47a24349c6584c444c2843046d4940",
        "is_verified": false,
        "line_number": 8
      },
      {
        "type": "Hex High Entropy String",
        "filename": "data/results/run-expansion-dev-20260914T193357+0000.json",
        "hashed_secret": "811172a3537cfdd78ee69c120badf6f5ff0ad023",
        "is_verified": false,
        "line_number": 9
      },
      {
        "type": "Hex High Entropy String",
        "filename": "data/results/run-expansion-dev-20260914T193357+0000.json",
        "hashed_secret": "3377979d2e7b9f5aa625e21f007d97acda28b4ed",
        "is_verified": false,
        "line_number": 26
      },
      {
        "type": "Hex High Entropy String",
        "filename": "data/results/run-expansion-dev-20260914T193357+0000.json",
        "hashed_secret": "05a4d213b7549d02ad89e1db3fac2c327c319292",
        "is_verified": false,
        "line_number": 33
      },
      {
        "type": "Hex High Entropy String",
        "filename": "data/results/run-expansion-dev-20260914T193357+0000.json",
        "hashed_secret": "4cafb8ddfa5cf22fe5412358e36218570910725e",
        "is_verified": false,
        "line_number": 40
      }
    ],
    "data/results/run-expansion-test-20260914T193405+0000.json": [
      {
        "type": "Hex High Entropy String",
        "filename": "data/results/run-expansion-test-20260914T193405+0000.json",
        "hashed_secret": "fa02ba53843795001471d3d9b036c00e0fd353f5",
        "is_verified": false,
        "line_number": 6
      },
      {
        "type": "Hex High Entropy String",
        "filename": "data/results/run-expansion-test-20260914T193405+0000.json",
        "hashed_secret": "9a1c50c97e47a24349c6584c444c2843046d4940",
        "is_verified": false,
        "line_number": 8
      },
      {
        "type": "Hex High Entropy String",
        "filename": "data/results/run-expansion-test-20260914T193405+0000.json",
        "hashed_secret": "811172a3537cfdd78ee69c120badf6f5ff0ad023",
        "is_verified": false,
        "line_number": 9
      },
      {
        "type": "Hex High Entropy String",
        "filename": "data/results/run-expansion-test-20260914T193405+0000.json",
        "hashed_secret": "3377979d2e7b9f5aa625e21f007d97acda28b4ed",
        "is_verified": false,
        "line_number": 26
      },
      {
        "type": "Hex High Entropy String",
        "filename": "data/results/run-expansion-test-20260914T193405+0000.json",
        "hashed_secret": "05a4d213b7549d02ad89e1db3fac2c327c319292",
        "is_verified": false,
        "line_number": 33
      },
      {
        "type": "Hex High Entropy String",
        "filename": "data/results/run-expansion-test-20260914T193405+0000.json",
        "hashed_secret": "4cafb8ddfa5cf22fe5412358e36218570910725e",
        "is_verified": false,
        "line_number": 40
      }
    ],
    "data/results/run-hybrid-bm25-dev-20260911T133156+0000.json": [
      {
        "type": "Hex High Entropy String",
        "filename": "data/results/run-hybrid-bm25-dev-20260911T133156+0000.json",
        "hashed_secret": "9a1c50c97e47a24349c6584c444c2843046d4940",
        "is_verified": false,
        "line_number": 5
      },
      {
        "type": "Hex High Entropy String",
        "filename": "data/results/run-hybrid-bm25-dev-20260911T133156+0000.json",
        "hashed_secret": "3377979d2e7b9f5aa625e21f007d97acda28b4ed",
        "is_verified": false,
        "line_number": 17
      },
      {
        "type": "Hex High Entropy String",
        "filename": "data/results/run-hybrid-bm25-dev-20260911T133156+0000.json",
        "hashed_secret": "4cafb8ddfa5cf22fe5412358e36218570910725e",
        "is_verified": false,
        "line_number": 22
      }
    ],
    "data/results/run-hybrid-bm25-test-20260911T133204+0000.json": [
      {
        "type": "Hex High Entropy String",
        "filename": "data/results/run-hybrid-bm25-test-20260911T133204+0000.json",
        "hashed_secret": "9a1c50c97e47a24349c6584c444c2843046d4940",
        "is_verified": false,
        "line_number": 5
      },
      {
        "type": "Hex High Entropy String",
        "filename": "data/results/run-hybrid-bm25-test-20260911T133204+0000.json",
        "hashed_secret": "3377979d2e7b9f5aa625e21f007d97acda28b4ed",
        "is_verified": false,
        "line_number": 17
      },
      {
        "type": "Hex High Entropy String",
        "filename": "data/results/run-hybrid-bm25-test-20260911T133204+0000.json",
        "hashed_secret": "4cafb8ddfa5cf22fe5412358e36218570910725e",
        "is_verified": false,
        "line_number": 22
      }
    ],
    "data/results/run-hybrid-conceptual-dev-20260911T133155+0000.json": [
      {
        "type": "Hex High Entropy String",
        "filename": "data/results/run-hybrid-conceptual-dev-20260911T133155+0000.json",
        "hashed_secret": "9a1c50c97e47a24349c6584c444c2843046d4940",
        "is_verified": false,
        "line_number": 5
      },
      {
        "type": "Hex High Entropy String",
        "filename": "data/results/run-hybrid-conceptual-dev-20260911T133155+0000.json",
        "hashed_secret": "3377979d2e7b9f5aa625e21f007d97acda28b4ed",
        "is_verified": false,
        "line_number": 17
      },
      {
        "type": "Hex High Entropy String",
        "filename": "data/results/run-hybrid-conceptual-dev-20260911T133155+0000.json",
        "hashed_secret": "4cafb8ddfa5cf22fe5412358e36218570910725e",
        "is_verified": false,
        "line_number": 22
      }
    ],
    "data/results/run-hybrid-conceptual-test-20260911T133202+0000.json": [
      {
        "type": "Hex High Entropy String",
        "filename": "data/results/run-hybrid-conceptual-test-20260911T133202+0000.json",
        "hashed_secret": "9a1c50c97e47a24349c6584c444c2843046d4940",
        "is_verified": false,
        "line_number": 5
      },
      {
        "type": "Hex High Entropy String",
        "filename": "data/results/run-hybrid-conceptual-test-20260911T133202+0000.json",
        "hashed_secret": "3377979d2e7b9f5aa625e21f007d97acda28b4ed",
        "is_verified": false,
        "line_number": 17
      },
      {
        "type": "Hex High Entropy String",
        "filename": "data/results/run-hybrid-conceptual-test-20260911T133202+0000.json",
        "hashed_secret": "4cafb8ddfa5cf22fe5412358e36218570910725e",
        "is_verified": false,
        "line_number": 22
      }
    ],
    "data/selection/selection.json": [
      {
        "type": "Hex High Entropy String",
        "filename": "data/selection/selection.json",
        "hashed_secret": "9a1c50c97e47a24349c6584c444c2843046d4940",
        "is_verified": false,
        "line_number": 6
      },
      {
        "type": "Hex High Entropy String",
        "filename": "data/selection/selection.json",
        "hashed_secret": "3377979d2e7b9f5aa625e21f007d97acda28b4ed",
        "is_verified": false,
        "line_number": 16
      },
      {
        "type": "Hex High Entropy String",
        "filename": "data/selection/selection.json",
        "hashed_secret": "4cafb8ddfa5cf22fe5412358e36218570910725e",
        "is_verified": false,
        "line_number": 21
      },
      {
        "type": "Hex High Entropy String",
        "filename": "data/selection/selection.json",
        "hashed_secret": "05a4d213b7549d02ad89e1db3fac2c327c319292",
        "is_verified": false,
        "line_number": 113
      },
      {
        "type": "Hex High Entropy String",
        "filename": "data/selection/selection.json",
        "hashed_secret": "da409dcff1a46681e1b2a863dce66f1260ad307a",
        "is_verified": false,
        "line_number": 163
      },
      {
        "type": "Hex High Entropy String",
        "filename": "data/selection/selection.json",
        "hashed_secret": "04c1f99442a3b53bffb44319b50ca5d0532c5639",
        "is_verified": false,
        "line_number": 376
      }
    ],
    "docs/plans/phase_2/2.results.md": [
      {
        "type": "Hex High Entropy String",
        "filename": "docs/plans/phase_2/2.results.md",
        "hashed_secret": "04c1f99442a3b53bffb44319b50ca5d0532c5639",
        "is_verified": false,
        "line_number": 236
      }
    ],
    "docs/security/README.md": [
      {
        "type": "Secret Keyword",
        "filename": "docs/security/README.md",
        "hashed_secret": "f8ca0d7266886f4b5be9adddc9b66017b3bf1a4b",
        "is_verified": false,
        "line_number": 220
      }
    ],
    "src/concept_embeddings_rag/concepts/labeling.py": [
      {
        "type": "Secret Keyword",
        "filename": "src/concept_embeddings_rag/concepts/labeling.py",
        "hashed_secret": "f8ca0d7266886f4b5be9adddc9b66017b3bf1a4b",
        "is_verified": false,
        "line_number": 39
      }
    ],
    "tests/concepts/test_dedup.py": [
      {
        "type": "Hex High Entropy String",
        "filename": "tests/concepts/test_dedup.py",
        "hashed_secret": "4cafb8ddfa5cf22fe5412358e36218570910725e",
        "is_verified": false,
        "line_number": 50
      }
    ],
    "tests/concepts/test_dictionary_artifact.py": [
      {
        "type": "Hex High Entropy String",
        "filename": "tests/concepts/test_dictionary_artifact.py",
        "hashed_secret": "4cafb8ddfa5cf22fe5412358e36218570910725e",
        "is_verified": false,
        "line_number": 33
      }
    ],
    "tests/corpus/test_hf_source.py": [
      {
        "type": "Hex High Entropy String",
        "filename": "tests/corpus/test_hf_source.py",
        "hashed_secret": "eda53b5dfe26b8aaf0c13244b1efc43e3590f6b8",
        "is_verified": false,
        "line_number": 18
      }
    ],
    "tests/evaluation/expansion_fixtures.py": [
      {
        "type": "Hex High Entropy String",
        "filename": "tests/evaluation/expansion_fixtures.py",
        "hashed_secret": "4cafb8ddfa5cf22fe5412358e36218570910725e",
        "is_verified": false,
        "line_number": 37
      },
      {
        "type": "Hex High Entropy String",
        "filename": "tests/evaluation/expansion_fixtures.py",
        "hashed_secret": "4c5d373b32a58d666b75a40e62fb1e60dcc1007d",
        "is_verified": false,
        "line_number": 38
      }
    ],
    "tests/evaluation/test_comparison.py": [
      {
        "type": "Hex High Entropy String",
        "filename": "tests/evaluation/test_comparison.py",
        "hashed_secret": "4cafb8ddfa5cf22fe5412358e36218570910725e",
        "is_verified": false,
        "line_number": 31
      }
    ],
    "tests/evaluation/test_expansion_selection_artifact.py": [
      {
        "type": "Hex High Entropy String",
        "filename": "tests/evaluation/test_expansion_selection_artifact.py",
        "hashed_secret": "4cafb8ddfa5cf22fe5412358e36218570910725e",
        "is_verified": false,
        "line_number": 39
      },
      {
        "type": "Hex High Entropy String",
        "filename": "tests/evaluation/test_expansion_selection_artifact.py",
        "hashed_secret": "9a1c50c97e47a24349c6584c444c2843046d4940",
        "is_verified": false,
        "line_number": 40
      },
      {
        "type": "Hex High Entropy String",
        "filename": "tests/evaluation/test_expansion_selection_artifact.py",
        "hashed_secret": "4c5d373b32a58d666b75a40e62fb1e60dcc1007d",
        "is_verified": false,
        "line_number": 41
      }
    ],
    "tests/evaluation/test_fusion_fitting.py": [
      {
        "type": "Hex High Entropy String",
        "filename": "tests/evaluation/test_fusion_fitting.py",
        "hashed_secret": "4cafb8ddfa5cf22fe5412358e36218570910725e",
        "is_verified": false,
        "line_number": 136
      }
    ],
    "tests/evaluation/test_no_test_contamination.py": [
      {
        "type": "Hex High Entropy String",
        "filename": "tests/evaluation/test_no_test_contamination.py",
        "hashed_secret": "4cafb8ddfa5cf22fe5412358e36218570910725e",
        "is_verified": false,
        "line_number": 98
      }
    ],
    "tests/evaluation/test_selection.py": [
      {
        "type": "Hex High Entropy String",
        "filename": "tests/evaluation/test_selection.py",
        "hashed_secret": "4cafb8ddfa5cf22fe5412358e36218570910725e",
        "is_verified": false,
        "line_number": 90
      }
    ],
    "tests/evaluation/test_trace_artifact.py": [
      {
        "type": "Hex High Entropy String",
        "filename": "tests/evaluation/test_trace_artifact.py",
        "hashed_secret": "63b642923568a42f9247afc1768ea95c72a4d588",
        "is_verified": false,
        "line_number": 35
      }
    ],
    "tests/retrieval/diffusion_fixtures.py": [
      {
        "type": "Hex High Entropy String",
        "filename": "tests/retrieval/diffusion_fixtures.py",
        "hashed_secret": "4cafb8ddfa5cf22fe5412358e36218570910725e",
        "is_verified": false,
        "line_number": 55
      }
    ],
    "tests/retrieval/test_conceptual.py": [
      {
        "type": "Hex High Entropy String",
        "filename": "tests/retrieval/test_conceptual.py",
        "hashed_secret": "4cafb8ddfa5cf22fe5412358e36218570910725e",
        "is_verified": false,
        "line_number": 57
      }
    ],
    "tests/retrieval/test_conceptual_invariants.py": [
      {
        "type": "Hex High Entropy String",
        "filename": "tests/retrieval/test_conceptual_invariants.py",
        "hashed_secret": "4cafb8ddfa5cf22fe5412358e36218570910725e",
        "is_verified": false,
        "line_number": 57
      }
    ],
    "tests/retrieval/test_damping.py": [
      {
        "type": "Hex High Entropy String",
        "filename": "tests/retrieval/test_damping.py",
        "hashed_secret": "4cafb8ddfa5cf22fe5412358e36218570910725e",
        "is_verified": false,
        "line_number": 71
      }
    ],
    "tests/retrieval/test_query_operators.py": [
      {
        "type": "Hex High Entropy String",
        "filename": "tests/retrieval/test_query_operators.py",
        "hashed_secret": "4cafb8ddfa5cf22fe5412358e36218570910725e",
        "is_verified": false,
        "line_number": 38
      }
    ],
    "tests/retrieval/test_trace.py": [
      {
        "type": "Hex High Entropy String",
        "filename": "tests/retrieval/test_trace.py",
        "hashed_secret": "eda53b5dfe26b8aaf0c13244b1efc43e3590f6b8",
        "is_verified": false,
        "line_number": 181
      }
    ],
    "tests/test_cli.py": [
      {
        "type": "Hex High Entropy String",
        "filename": "tests/test_cli.py",
        "hashed_secret": "3377979d2e7b9f5aa625e21f007d97acda28b4ed",
        "is_verified": false,
        "line_number": 663
      }
    ]
  },
  "generated_at": "2026-09-15T11:18:39Z"
}
