{
  "filters_used": [
    {
      "path": "detect_secrets.filters.allowlist.is_line_allowlisted"
    },
    {
      "min_level": 2,
      "path": "detect_secrets.filters.common.is_ignored_due_to_verification_policies"
    },
    {
      "path": "detect_secrets.filters.heuristic.is_indirect_reference"
    },
    {
      "path": "detect_secrets.filters.heuristic.is_likely_id_string"
    },
    {
      "path": "detect_secrets.filters.heuristic.is_lock_file"
    },
    {
      "path": "detect_secrets.filters.heuristic.is_not_alphanumeric_string"
    },
    {
      "path": "detect_secrets.filters.heuristic.is_potential_uuid"
    },
    {
      "path": "detect_secrets.filters.heuristic.is_prefixed_with_dollar_sign"
    },
    {
      "path": "detect_secrets.filters.heuristic.is_sequential_string"
    },
    {
      "path": "detect_secrets.filters.heuristic.is_swagger_file"
    },
    {
      "path": "detect_secrets.filters.heuristic.is_templated_secret"
    }
  ],
  "generated_at": "2026-09-09T20:24:52Z",
  "plugins_used": [
    {
      "name": "ArtifactoryDetector"
    },
    {
      "name": "AWSKeyDetector"
    },
    {
      "name": "AzureStorageKeyDetector"
    },
    {
      "limit": 4.5,
      "name": "Base64HighEntropyString"
    },
    {
      "name": "BasicAuthDetector"
    },
    {
      "name": "CloudantDetector"
    },
    {
      "name": "DiscordBotTokenDetector"
    },
    {
      "name": "GitHubTokenDetector"
    },
    {
      "name": "GitLabTokenDetector"
    },
    {
      "limit": 3.0,
      "name": "HexHighEntropyString"
    },
    {
      "name": "IbmCloudIamDetector"
    },
    {
      "name": "IbmCosHmacDetector"
    },
    {
      "name": "IPPublicDetector"
    },
    {
      "name": "JwtTokenDetector"
    },
    {
      "keyword_exclude": "",
      "name": "KeywordDetector"
    },
    {
      "name": "MailchimpDetector"
    },
    {
      "name": "NpmDetector"
    },
    {
      "name": "OpenAIDetector"
    },
    {
      "name": "PrivateKeyDetector"
    },
    {
      "name": "PypiTokenDetector"
    },
    {
      "name": "SendGridDetector"
    },
    {
      "name": "SlackDetector"
    },
    {
      "name": "SoftlayerDetector"
    },
    {
      "name": "SquareOAuthDetector"
    },
    {
      "name": "StripeDetector"
    },
    {
      "name": "TelegramBotTokenDetector"
    },
    {
      "name": "TwilioKeyDetector"
    }
  ],
  "results": {
    "data/manifest.json": [
      {
        "filename": "data/manifest.json",
        "hashed_secret": "045c6e00f39b427c7673f978a338812b4e877744",
        "is_verified": false,
        "line_number": 7,
        "type": "Hex High Entropy String"
      },
      {
        "filename": "data/manifest.json",
        "hashed_secret": "4cafb8ddfa5cf22fe5412358e36218570910725e",
        "is_verified": false,
        "line_number": 14,
        "type": "Hex High Entropy String"
      }
    ],
    "data/results/run-bm25-dev-20260908T080623+0000.json": [
      {
        "filename": "data/results/run-bm25-dev-20260908T080623+0000.json",
        "hashed_secret": "4cafb8ddfa5cf22fe5412358e36218570910725e",
        "is_verified": false,
        "line_number": 10,
        "type": "Hex High Entropy String"
      }
    ],
    "data/results/run-bm25-dev-20260908T091217+0000.json": [
      {
        "filename": "data/results/run-bm25-dev-20260908T091217+0000.json",
        "hashed_secret": "3377979d2e7b9f5aa625e21f007d97acda28b4ed",
        "is_verified": false,
        "line_number": 6,
        "type": "Hex High Entropy String"
      },
      {
        "filename": "data/results/run-bm25-dev-20260908T091217+0000.json",
        "hashed_secret": "4cafb8ddfa5cf22fe5412358e36218570910725e",
        "is_verified": false,
        "line_number": 11,
        "type": "Hex High Entropy String"
      }
    ],
    "data/results/run-bm25-dev-20260908T091552+0000.json": [
      {
        "filename": "data/results/run-bm25-dev-20260908T091552+0000.json",
        "hashed_secret": "3377979d2e7b9f5aa625e21f007d97acda28b4ed",
        "is_verified": false,
        "line_number": 6,
        "type": "Hex High Entropy String"
      },
      {
        "filename": "data/results/run-bm25-dev-20260908T091552+0000.json",
        "hashed_secret": "4cafb8ddfa5cf22fe5412358e36218570910725e",
        "is_verified": false,
        "line_number": 11,
        "type": "Hex High Entropy String"
      }
    ],
    "data/results/run-bm25-test-20260908T080624+0000.json": [
      {
        "filename": "data/results/run-bm25-test-20260908T080624+0000.json",
        "hashed_secret": "4cafb8ddfa5cf22fe5412358e36218570910725e",
        "is_verified": false,
        "line_number": 10,
        "type": "Hex High Entropy String"
      }
    ],
    "data/results/run-bm25-test-20260908T091218+0000.json": [
      {
        "filename": "data/results/run-bm25-test-20260908T091218+0000.json",
        "hashed_secret": "3377979d2e7b9f5aa625e21f007d97acda28b4ed",
        "is_verified": false,
        "line_number": 6,
        "type": "Hex High Entropy String"
      },
      {
        "filename": "data/results/run-bm25-test-20260908T091218+0000.json",
        "hashed_secret": "4cafb8ddfa5cf22fe5412358e36218570910725e",
        "is_verified": false,
        "line_number": 11,
        "type": "Hex High Entropy String"
      }
    ],
    "data/results/run-bm25-test-20260908T091553+0000.json": [
      {
        "filename": "data/results/run-bm25-test-20260908T091553+0000.json",
        "hashed_secret": "3377979d2e7b9f5aa625e21f007d97acda28b4ed",
        "is_verified": false,
        "line_number": 6,
        "type": "Hex High Entropy String"
      },
      {
        "filename": "data/results/run-bm25-test-20260908T091553+0000.json",
        "hashed_secret": "4cafb8ddfa5cf22fe5412358e36218570910725e",
        "is_verified": false,
        "line_number": 11,
        "type": "Hex High Entropy String"
      }
    ],
    "data/results/run-dense-dev-20260908T080540+0000.json": [
      {
        "filename": "data/results/run-dense-dev-20260908T080540+0000.json",
        "hashed_secret": "4cafb8ddfa5cf22fe5412358e36218570910725e",
        "is_verified": false,
        "line_number": 10,
        "type": "Hex High Entropy String"
      }
    ],
    "data/results/run-dense-dev-20260908T091140+0000.json": [
      {
        "filename": "data/results/run-dense-dev-20260908T091140+0000.json",
        "hashed_secret": "3377979d2e7b9f5aa625e21f007d97acda28b4ed",
        "is_verified": false,
        "line_number": 6,
        "type": "Hex High Entropy String"
      },
      {
        "filename": "data/results/run-dense-dev-20260908T091140+0000.json",
        "hashed_secret": "4cafb8ddfa5cf22fe5412358e36218570910725e",
        "is_verified": false,
        "line_number": 11,
        "type": "Hex High Entropy String"
      }
    ],
    "data/results/run-dense-dev-20260908T091514+0000.json": [
      {
        "filename": "data/results/run-dense-dev-20260908T091514+0000.json",
        "hashed_secret": "3377979d2e7b9f5aa625e21f007d97acda28b4ed",
        "is_verified": false,
        "line_number": 6,
        "type": "Hex High Entropy String"
      },
      {
        "filename": "data/results/run-dense-dev-20260908T091514+0000.json",
        "hashed_secret": "4cafb8ddfa5cf22fe5412358e36218570910725e",
        "is_verified": false,
        "line_number": 11,
        "type": "Hex High Entropy String"
      }
    ],
    "data/results/run-dense-test-20260908T080623+0000.json": [
      {
        "filename": "data/results/run-dense-test-20260908T080623+0000.json",
        "hashed_secret": "4cafb8ddfa5cf22fe5412358e36218570910725e",
        "is_verified": false,
        "line_number": 10,
        "type": "Hex High Entropy String"
      }
    ],
    "data/results/run-dense-test-20260908T091217+0000.json": [
      {
        "filename": "data/results/run-dense-test-20260908T091217+0000.json",
        "hashed_secret": "3377979d2e7b9f5aa625e21f007d97acda28b4ed",
        "is_verified": false,
        "line_number": 6,
        "type": "Hex High Entropy String"
      },
      {
        "filename": "data/results/run-dense-test-20260908T091217+0000.json",
        "hashed_secret": "4cafb8ddfa5cf22fe5412358e36218570910725e",
        "is_verified": false,
        "line_number": 11,
        "type": "Hex High Entropy String"
      }
    ],
    "data/results/run-dense-test-20260908T091552+0000.json": [
      {
        "filename": "data/results/run-dense-test-20260908T091552+0000.json",
        "hashed_secret": "3377979d2e7b9f5aa625e21f007d97acda28b4ed",
        "is_verified": false,
        "line_number": 6,
        "type": "Hex High Entropy String"
      },
      {
        "filename": "data/results/run-dense-test-20260908T091552+0000.json",
        "hashed_secret": "4cafb8ddfa5cf22fe5412358e36218570910725e",
        "is_verified": false,
        "line_number": 11,
        "type": "Hex High Entropy String"
      }
    ],
    "docs/plans/phase_2/2.results.md": [
      {
        "filename": "docs/plans/phase_2/2.results.md",
        "hashed_secret": "04c1f99442a3b53bffb44319b50ca5d0532c5639",
        "is_verified": false,
        "line_number": 236,
        "type": "Hex High Entropy String"
      }
    ],
    "docs/security/README.md": [
      {
        "filename": "docs/security/README.md",
        "hashed_secret": "f8ca0d7266886f4b5be9adddc9b66017b3bf1a4b",
        "is_verified": false,
        "line_number": 110,
        "type": "Secret Keyword"
      }
    ],
    "src/concept_embeddings_rag/concepts/labeling.py": [
      {
        "filename": "src/concept_embeddings_rag/concepts/labeling.py",
        "hashed_secret": "f8ca0d7266886f4b5be9adddc9b66017b3bf1a4b",
        "is_verified": false,
        "line_number": 39,
        "type": "Secret Keyword"
      }
    ],
    "tests/concepts/test_dedup.py": [
      {
        "filename": "tests/concepts/test_dedup.py",
        "hashed_secret": "4cafb8ddfa5cf22fe5412358e36218570910725e",
        "is_verified": false,
        "line_number": 50,
        "type": "Hex High Entropy String"
      }
    ],
    "tests/concepts/test_dictionary_artifact.py": [
      {
        "filename": "tests/concepts/test_dictionary_artifact.py",
        "hashed_secret": "4cafb8ddfa5cf22fe5412358e36218570910725e",
        "is_verified": false,
        "line_number": 33,
        "type": "Hex High Entropy String"
      }
    ],
    "tests/corpus/test_hf_source.py": [
      {
        "filename": "tests/corpus/test_hf_source.py",
        "hashed_secret": "eda53b5dfe26b8aaf0c13244b1efc43e3590f6b8",
        "is_verified": false,
        "line_number": 18,
        "type": "Hex High Entropy String"
      }
    ]
  },
  "version": "1.5.0"
}
